FILE_TYPE=LIBRARY_PARTS;
primitive 'WURTH_SMSW_SMD';
  pin
    'WURTH SMSW':
      PIN_NUMBER='(1)';
      PIN_TYPE='ANALOG';
      NO_LOAD_CHECK='Both';
      NO_IO_CHECK='Both';
      NO_ASSERT_CHECK='TRUE';
      NO_DIR_CHECK='TRUE';
      ALLOW_CONNECT='TRUE';
    'A':
      PIN_NUMBER='(2)';
      PIN_TYPE='ANALOG';
      NO_LOAD_CHECK='Both';
      NO_IO_CHECK='Both';
      NO_ASSERT_CHECK='TRUE';
      NO_DIR_CHECK='TRUE';
      ALLOW_CONNECT='TRUE';
  end_pin;
  body
    PART_NAME='WURTH_SMSW';
    DESCRIPTION='?';
    BODY_NAME='WURTH_SMSW';
    JEDEC_TYPE='WURTH_SMSW';
    PHYS_DES_PREFIX='DS';
    CLASS='DISCRETE';
  end_body;
end_primitive;

END.
