(---------------------------------------------------------------------)
(                                                                     )
(    Dangling Line, Via and Antenna Report                            )
(                                                                     )
(    Drawing          : mib_fp_jtag_serial_28_PH_manufact.brd         )
(    Software Version : 24.1P001                                      )
(    Date/Time        : Tue Mar 10 15:12:49 2026                      )
(                                                                     )
(---------------------------------------------------------------------)


Report methodology:
  - Dangling lines have at least one end not connected.
  - Dangling vias have one or no connection
      - Plus are not a test, thieving or netshort property via.
  - Antenna vias do not have connections on their start and end layers.
      - Plus they are not a thieving vias.
      - Optionally, VOLTAGE nets, testvias and through vias can be suppressed with
        the environment variable report_antennavia.
      - Section may be suppressed by variable report_noantennavia.
  - Not part of the current partition.
  - To suppress items in dangle report add the OK_DANGLE property to the via
    or connect line.



<< Antenna Vias >>
  Net                  Padstack               Location            Layers
  ---------------------------------------------------------------------------
  GND                  VIA36RD0_4           (22.30 43.40)    TOP/BOTTOM 
  GND                  VIA36RD0_4           (22.33 52.57)    TOP/BOTTOM 
  GND                  VIA36RD0_4           (30.20 50.40)    TOP/BOTTOM 
  GND                  VIA36RD0_4           (33.20 48.20)    TOP/BOTTOM 
  GND                  VIA36RD0_4           (36.50 22.45)    TOP/BOTTOM 
  GND                  VIA36RD0_4           (38.90 51.90)    TOP/BOTTOM 
  GND                  VIA36RD0_4           (39.40 25.00)    TOP/BOTTOM 
  GND                  VIA36RD0_4           (40.50 51.90)    TOP/BOTTOM 
  GND                  VIA36RD0_4           (41.10 46.80)    TOP/BOTTOM 
  GND                  VIA36RD0_4           (50.12 40.60)    TOP/BOTTOM 
  GND                  VIA36RD0_4           (60.00 11.10)    TOP/BOTTOM 
  GND                  VIA36RD0_4           (60.00 35.00)    TOP/BOTTOM 
  GND                  VIA36RD0_4           (66.20 14.40)    TOP/BOTTOM 
  GND                  VIA36RD0_4           (67.00 32.90)    TOP/BOTTOM 
  GND                  VIA36RD0_4           (67.90 19.90)    TOP/BOTTOM 
  GND                  VIA36RD0_4           (70.45 26.70)    TOP/BOTTOM 
  GND                  VIA36RD0_4           (70.65 32.60)    TOP/BOTTOM 
  GND                  VIA36RD0_4           (71.10 23.00)    TOP/BOTTOM 
  GND                  VIA36RD0_4           (74.10 43.50)    TOP/BOTTOM 
  VCC3V3               VIA36RD0_4           (31.70 50.40)    TOP/BOTTOM 
  VCC3V3               VIA36RD0_4           (56.00 34.90)    TOP/BOTTOM 
  VCC3V3               VIA36RD0_4           (67.60 16.90)    TOP/BOTTOM 
  VCC3V3               VIA36RD0_4           (70.40 43.50)    TOP/BOTTOM 
  VCC3V3               VIA36RD0_4           (70.90 14.40)    TOP/BOTTOM 
  VCC3V3               VIA36RD0_4           (70.90 17.30)    TOP/BOTTOM 
  VCC3V3               VIA36RD0_4           (70.90 48.40)    TOP/BOTTOM 
  VCC3V3               VIA36RD0_4           (70.90 52.10)    TOP/BOTTOM 
  VCC3V3               VIA36RD0_4           (73.40 37.90)    TOP/BOTTOM 
  VCC3V3               VIA36RD0_4           (79.00 37.90)    TOP/BOTTOM 

<< Summary >>
  Total dangling lines:       0
  Total dangling vias:        0
  Total antenna vias:        29
