(---------------------------------------------------------------------)
(                                                                     )
(    Shape Island Report                                              )
(                                                                     )
(    Drawing          : mib_fp_jtag_serial_28_PH.brd                  )
(    Software Version : 24.1P001                                      )
(    Date/Time        : Tue Mar 18 12:13:01 2025                      )
(                                                                     )
(---------------------------------------------------------------------)


  Total islands on design: 7


  <<<  ETCH  >>>

    Layer = 03_VCC
	Point on shape: (76.46 27.00)  Net: VCC3V3
	Point on shape: (6.78 20.16)  Net: VCC3V3
	Point on shape: (6.78 18.16)  Net: VCC3V3
	Point on shape: (6.78 16.16)  Net: VCC3V3
	Point on shape: (6.78 14.16)  Net: VCC3V3
	Point on shape: (6.78 10.16)  Net: VCC3V3
	Point on shape: (6.78 12.16)  Net: VCC3V3
