(---------------------------------------------------------------------)
(                                                                     )
(    Allegro Netrev Import Logic                                      )
(                                                                     )
(    Drawing          : mib_rev2_v16.brd                              )
(    Software Version : 17.4S033                                      )
(    Date/Time        : Mon Mar  6 16:34:25 2023                      )
(                                                                     )
(---------------------------------------------------------------------)


------ Directives ------------

Ripup etch:                  No
Ripup delete first segment:  No
Ripup retain bondwire:       No
Ripup symbols:               Always
Missing symbol has error:    No
DRC update:                  Yes
Schematic directory:         'C:\Users\phdgc\Downloads\uob-hep-pc072\hardware\Cadence\top\mtca_interface_board_reocc\top\packaged'
Design Directory:            'C:/Users/phdgc/Downloads/uob-hep-pc072/hardware/Cadence/top/mtca_interface_board_reocc/top/physical'
Old design name:             'C:/Users/phdgc/Downloads/uob-hep-pc072/hardware/Cadence/top/mtca_interface_board_reocc/top/physical/mib_rev2_v16.brd'
New design name:             'C:/Users/phdgc/Downloads/uob-hep-pc072/hardware/Cadence/top/mtca_interface_board_reocc/top/physical/mib_rev2_v17.brd'

CmdLine: netrev -proj C:\Users\phdgc\Downloads\uob-hep-pc072\hardware\Cadence\top\top.cpm -y 1 -Oo C:\Users\phdgc\Downloads\uob-hep-pc072\hardware\Cadence\top\mtca_interface_board_reocc\top\physical\mib_rev2_v16.brd C:\Users\phdgc\Downloads\uob-hep-pc072\hardware\Cadence\top\mtca_interface_board_reocc\top\physical\mib_rev2_v17.brd -w C:\Users\phdgc\Downloads\uob-hep-pc072\hardware\Cadence\top\temp\constraints_difference_report.xml -$

------ Preparing to read pst files ------

Starting to read C:/Users/phdgc/Downloads/uob-hep-pc072/hardware/Cadence/top/mtca_interface_board_reocc/top/packaged/pstchip.dat 
   Finished reading C:/Users/phdgc/Downloads/uob-hep-pc072/hardware/Cadence/top/mtca_interface_board_reocc/top/packaged/pstchip.dat (00:00:00.26)
Starting to read C:/Users/phdgc/Downloads/uob-hep-pc072/hardware/Cadence/top/mtca_interface_board_reocc/top/packaged/pstxprt.dat 
   Finished reading C:/Users/phdgc/Downloads/uob-hep-pc072/hardware/Cadence/top/mtca_interface_board_reocc/top/packaged/pstxprt.dat (00:00:00.01)
Starting to read C:/Users/phdgc/Downloads/uob-hep-pc072/hardware/Cadence/top/mtca_interface_board_reocc/top/packaged/pstxnet.dat 
   Finished reading C:/Users/phdgc/Downloads/uob-hep-pc072/hardware/Cadence/top/mtca_interface_board_reocc/top/packaged/pstxnet.dat (00:00:00.01)

------ Oversights/Warnings/Errors ------


#1   WARNING(SPMHNI-192): Device/Symbol check warning detected. [help]

WARNING(SPMHNI-194): Symbol 'SOP50P490X110-16N' used by RefDes IC6 for device 'LTC2991CMS#PBF-VCC=VCC3V3' not found. 
The symbol either does not exist in the library path (PSMPATH) or is an old symbol from a previous release.  

Set the correct library path if not set or use dbdoctor to migrate old 

#2   WARNING(SPMHNI-297): Component instance property overwrite detected.

WARNING(SPMHNI-295): Component 'C155', property 'ROOM'. Value 'CLK_FO_0_5' was overwritten by 'CLK_FO_6_11'.

#3   WARNING(SPMHNI-297): Component instance property overwrite detected.

WARNING(SPMHNI-295): Component 'C121', property 'ROOM'. Value 'CLK_FO_6_11' was overwritten by 'CLK_FO_0_5'.

#4   WARNING(SPMHNI-297): Component instance property overwrite detected.

WARNING(SPMHNI-295): Component 'C112', property 'ROOM'. Value 'CLK_FO_6_11' was overwritten by 'CLK_FO_0_5'.

#5   WARNING(SPMHNI-297): Component instance property overwrite detected.

WARNING(SPMHNI-295): Component 'C147', property 'ROOM'. Value 'CLK_FO_0_5' was overwritten by 'CLK_FO_6_11'.

#6   WARNING(SPMHNI-297): Component instance property overwrite detected.

WARNING(SPMHNI-295): Component 'C38', property 'ROOM'. Value 'CLK_FO_6_11' was overwritten by 'CLK_FO_0_5'.

#7   WARNING(SPMHNI-297): Component instance property overwrite detected.

WARNING(SPMHNI-295): Component 'C20', property 'ROOM'. Value 'CLK_FO_6_11' was overwritten by 'CLK_FO_0_5'.

#8   WARNING(SPMHNI-297): Component instance property overwrite detected.

WARNING(SPMHNI-295): Component 'C9', property 'ROOM'. Value 'CLK_FO_0_5' was overwritten by 'CLK_FO_6_11'.

#9   WARNING(SPMHNI-297): Component instance property overwrite detected.

WARNING(SPMHNI-295): Component 'C199', property 'ROOM'. Value 'CLK_FO_6_11' was overwritten by 'CLK_FO_0_5'.

#10  WARNING(SPMHNI-297): Component instance property overwrite detected.

WARNING(SPMHNI-295): Component 'C198', property 'ROOM'. Value 'CLK_FO_6_11' was overwritten by 'CLK_FO_0_5'.

#11  WARNING(SPMHNI-297): Component instance property overwrite detected.

WARNING(SPMHNI-295): Component 'C197', property 'ROOM'. Value 'CLK_FO_6_11' was overwritten by 'CLK_FO_0_5'.

#12  WARNING(SPMHNI-297): Component instance property overwrite detected.

WARNING(SPMHNI-295): Component 'C196', property 'ROOM'. Value 'CLK_FO_6_11' was overwritten by 'CLK_FO_0_5'.

#13  WARNING(SPMHNI-297): Component instance property overwrite detected.

WARNING(SPMHNI-295): Component 'C195', property 'ROOM'. Value 'CLK_FO_6_11' was overwritten by 'CLK_FO_0_5'.

#14  WARNING(SPMHNI-297): Component instance property overwrite detected.

WARNING(SPMHNI-295): Component 'C194', property 'ROOM'. Value 'CLK_FO_6_11' was overwritten by 'CLK_FO_0_5'.

#15  WARNING(SPMHNI-297): Component instance property overwrite detected.

WARNING(SPMHNI-295): Component 'C193', property 'ROOM'. Value 'CLK_FO_6_11' was overwritten by 'CLK_FO_0_5'.

#16  WARNING(SPMHNI-297): Component instance property overwrite detected.

WARNING(SPMHNI-295): Component 'C192', property 'ROOM'. Value 'CLK_FO_6_11' was overwritten by 'CLK_FO_0_5'.

#17  WARNING(SPMHNI-297): Component instance property overwrite detected.

WARNING(SPMHNI-295): Component 'C191', property 'ROOM'. Value 'CLK_FO_6_11' was overwritten by 'CLK_FO_0_5'.

#18  WARNING(SPMHNI-297): Component instance property overwrite detected.

WARNING(SPMHNI-295): Component 'C190', property 'ROOM'. Value 'CLK_FO_6_11' was overwritten by 'CLK_FO_0_5'.

#19  WARNING(SPMHNI-297): Component instance property overwrite detected.

WARNING(SPMHNI-295): Component 'C189', property 'ROOM'. Value 'CLK_FO_6_11' was overwritten by 'CLK_FO_0_5'.

#20  WARNING(SPMHNI-297): Component instance property overwrite detected.

WARNING(SPMHNI-295): Component 'C188', property 'ROOM'. Value 'CLK_FO_6_11' was overwritten by 'CLK_FO_0_5'.

#21  WARNING(SPMHNI-297): Component instance property overwrite detected.

WARNING(SPMHNI-295): Component 'C187', property 'ROOM'. Value 'CLK_FO_6_11' was overwritten by 'CLK_FO_0_5'.

#22  WARNING(SPMHNI-297): Component instance property overwrite detected.

WARNING(SPMHNI-295): Component 'C166', property 'ROOM'. Value 'CLK_FO_0_5' was overwritten by 'CLK_FO_6_11'.

#23  WARNING(SPMHNI-297): Component instance property overwrite detected.

WARNING(SPMHNI-295): Component 'C165', property 'ROOM'. Value 'CLK_FO_0_5' was overwritten by 'CLK_FO_6_11'.

#24  WARNING(SPMHNI-297): Component instance property overwrite detected.

WARNING(SPMHNI-295): Component 'C148', property 'ROOM'. Value 'CLK_FO_0_5' was overwritten by 'CLK_FO_6_11'.

#25  WARNING(SPMHNI-297): Component instance property overwrite detected.

WARNING(SPMHNI-295): Component 'C136', property 'ROOM'. Value 'CLK_FO_6_11' was overwritten by 'CLK_FO_0_5'.

#26  WARNING(SPMHNI-297): Component instance property overwrite detected.

WARNING(SPMHNI-295): Component 'C135', property 'ROOM'. Value 'CLK_FO_6_11' was overwritten by 'CLK_FO_0_5'.

#27  WARNING(SPMHNI-297): Component instance property overwrite detected.

WARNING(SPMHNI-295): Component 'C37', property 'ROOM'. Value 'CLK_FO_6_11' was overwritten by 'CLK_FO_0_5'.

#28  WARNING(SPMHNI-297): Component instance property overwrite detected.

WARNING(SPMHNI-295): Component 'C19', property 'ROOM'. Value 'CLK_FO_6_11' was overwritten by 'CLK_FO_0_5'.



===========================================================
Start Constraint Override Import
	Constraint File:    C:/Users/phdgc/Downloads/uob-hep-pc072/hardware/Cadence/top/mtca_interface_board_reocc/top/packaged/pstcmdb.dat
	Start time: Mon Mar  6 16:34:26 2023
===========================================================
===========================================================
Finished Constraint Update	Time: Mon Mar  6 16:34:26 2023
===========================================================

------ Library Paths ------
MODULEPATH =  . 
           c:/cadence/spb_17.4/share/local/pcb/modules 

PSMPATH =  . 
           /projects/HEP_Instrumentation/cad/bris_cdslib/lib_psd14.x/symbols 
           /projects/HEP_Instrumentation/cad/bris_cdslib/lib_psd14.x/formats 
           /projects/HEP_Instrumentation/cad/cern_cdslib/lib_psd17.x/pe_allegro_lib/symbols/connector 
           /projects/HEP_Instrumentation/cad/cern_cdslib/lib_psd17.x/pe_allegro_lib/symbols/soic 
           /projects/HEP_Instrumentation/cad/cern_cdslib/lib_psd17.x/pe_allegro_lib/symbols/discrete 
           /projects/HEP_Instrumentation/cad/cern_cdslib/lib_psd17.x/pe_allegro_lib/symbols/dip 
           /projects/HEP_Instrumentation/cad/cern_cdslib/lib_psd17.x/pe_allegro_lib/symbols/so 
           /projects/HEP_Instrumentation/cad/cern_cdslib/lib_psd17.x/pe_allegro_lib/symbols/bga 
           /projects/HEP_Instrumentation/cad/cern_cdslib/lib_psd17.x/pe_allegro_lib/symbols/qfp 
           /projects/HEP_Instrumentation/cad/cern_cdslib/lib_psd17.x/pe_allegro_lib/symbols/passif 
           /projects/HEP_Instrumentation/cad/cern_cdslib/lib_psd17.x/pe_allegro_lib/symbols/cap 
           /projects/HEP_Instrumentation/cad/cern_cdslib/lib_psd17.x/pe_allegro_lib/symbols/led 
           /projects/HEP_Instrumentation/cad/cern_cdslib/lib_psd17.x/pe_allegro_lib/symbols/rel 
           /projects/HEP_Instrumentation/cad/ral_cdslib/lib_psd15.x/symbols 
           /projects/HEP_Instrumentation/cad/cern_cdslib/lib_psd17.x/pe_allegro_lib/symbols/sw 
           /projects/HEP_Instrumentation/cad/cern_cdslib/lib_psd17.x/pe_allegro_lib/symbols/mec 
           /projects/HEP_Instrumentation/cad/cern_cdslib/lib_psd17.x/pe_allegro_lib/symbols/pwr 
           /projects/HEP_Instrumentation/cad/cern_cdslib/lib_psd17.x/pe_allegro_lib/symbols/res 
           /projects/HEP_Instrumentation/cad/cern_cdslib/lib_psd17.x/pe_allegro_lib/padstacks/mechanical 
           ./symbols 
           ../../../../cis_hep_partslib/cis_hep_partslib/Allegro_Library/symbols 

PADPATH =  . 
           symbols 
           .. 
           ../symbols 
           /software/CAD/Cadence/SPB17.40.034/share/local/pcb/padstacks 
           /software/CAD/Cadence/SPB17.40.034/share/pcb/pcb_lib/symbols 
           /software/CAD/Cadence/SPB17.40.034/share/pcb/allegrolib/symbols 
           /projects/HEP_Instrumentation/cad/bris_cdslib/lib_psd14.x/pads 
           /projects/HEP_Instrumentation/cad/cern_cdslib/lib_psd17.x/pe_allegro_lib/padstacks/padstack_smd 
           /projects/HEP_Instrumentation/cad/cern_cdslib/lib_psd17.x/pe_allegro_lib/padstacks/padstack3 
           /projects/HEP_Instrumentation/cad/cern_cdslib/lib_psd17.x/pe_allegro_lib/padstacks/padstackm 
           /projects/HEP_Instrumentation/cad/ral_cdslib/lib_psd15.x/pads 
           ./symbols 
           /projects/HEP_Instrumentation/cad/cern_cdslib/lib_psd17.x/pe_allegro_lib/padstacks/mechanical 
           ../../../../cis_hep_partslib/cis_hep_partslib/Allegro_Library/pads/ 


------ Summary Statistics ------


netrev run on Mar 6 16:34:25 2023
   DESIGN NAME : 'TOP'
   PACKAGING ON 06-Mar-2023 AT 16:34:16

   COMPILE 'logic'
   CHECK_PIN_NAMES OFF
   CROSS_REFERENCE OFF
   DIRECTORIES  <none>
   FEEDBACK OFF
   INCREMENTAL OFF
   INTERFACE_TYPE PHYSICAL
   LIBRARIES  'default' 'mtca_interface_board_reocc' 'mtca_interface_board'
              'ocad_parts_lib' 'discrete' 'ind' 'golden_symbols' 'atcs'
              'testpoint' 'diode' 'tp_demonstrator' 'graphics' 'standard'
              'cninterface' 'cnpower' 'cnconnector' 'cndiscrete' 'cnpassive'
              'cn100e' 'cn10e' 'cn10el' 'cn10k' 'cn10kh' 'cn74lv' 'cn74tiac'
              'cn75als' 'cncmos' 'cnfast' 'cngaas' 'cnlinear' 'cnmech'
              'cnmemory' 'cnmicro' 'cnpld' 'cnspecial' 'cnstandard' 'cnvlsi'
              'help' 'bris_cds_standard' 'bris_cds_logic'
   MASTER_LIBRARIES  <none>
   MAX_ERRORS 500
   MERGE_MINIMUM 5
   NET_NAME_CHARS '#%&()*+-./:=>?@[]^_`|'
   NET_NAME_LENGTH 24
   OVERSIGHTS ON
   REPLACE_CHECK OFF
   SINGLE_NODE_NETS ON
   SPLIT_MINIMUM 0
   SUPPRESS   20
   WARNINGS ON

 No error detected
 No oversight detected
 28 warnings detected

cpu time      0:04:12
elapsed time  0:00:01

