(---------------------------------------------------------------------)
(                                                                     )
(    Shape Without Nets Report                                        )
(                                                                     )
(    Drawing          : mib_rev2_v38.brd                              )
(    Software Version : 17.4S032                                      )
(    Date/Time        : Tue Mar 14 16:39:13 2023                      )
(                                                                     )
(---------------------------------------------------------------------)


  Total shapes not on a net: 9


  <<<  ETCH  >>>

    Layer = TOP
	Point on shape: (92.1385 26.5430)  Net: Dummy Net

    Layer = 02_GND
	Point on shape: (96.8059 48.5460)  Net: Dummy Net

    Layer = 05_PWR1
	Point on shape: (133.1976 47.5234)  Net: Dummy Net

    Layer = BOTTOM
	Point on shape: (161.1630 18.1610)  Net: Dummy Net
	Point on shape: (161.1630 38.4556)  Net: Dummy Net
	Point on shape: (161.1630 21.4630)  Net: Dummy Net
	Point on shape: (161.1630 35.1536)  Net: Dummy Net
	Point on shape: (161.1630 55.4482)  Net: Dummy Net
	Point on shape: (161.1630 52.1462)  Net: Dummy Net

    To suppress in report attach OK_UNASSIGNED_SHAPE property to shape.
