(---------------------------------------------------------------------)
(                                                                     )
(    Allegro Netrev Import Logic                                      )
(                                                                     )
(    Drawing          : mib_tongue2_m18_ph.brd                        )
(    Software Version : 24.1P001                                      )
(    Date/Time        : Thu Feb 27 08:40:41 2025                      )
(                                                                     )
(---------------------------------------------------------------------)


------ Directives ------------

Ripup etch:                  No
Ripup delete first segment:  No
Ripup retain bondwire:       No
Ripup symbols:               Always
Missing symbol has error:    No
DRC update:                  Yes
Schematic directory:         '\\ppfs6.physics.ox.ac.uk\CEG\Central Electronics\Projects\Hastingsp\DUNE\uob-hep-pc072-new2\hardware\Cadence\top\mtca_interface_board_reocc\mib_tongue2\packaged'
Design Directory:            '//ppfs6.physics.ox.ac.uk/CEG/Central Electronics/Projects/Hastingsp/DUNE/uob-hep-pc072-new2/hardware/Cadence/top/mtca_interface_board_reocc/mib_tongue2/physical'
Old design name:             '//ppfs6.physics.ox.ac.uk/CEG/Central Electronics/Projects/Hastingsp/DUNE/uob-hep-pc072-new2/hardware/Cadence/top/mtca_interface_board_reocc/mib_tongue2/physical/mib_tongue2_m18_ph.brd'
New design name:             '//ppfs6.physics.ox.ac.uk/CEG/Central Electronics/Projects/Hastingsp/DUNE/uob-hep-pc072-new2/hardware/Cadence/top/mtca_interface_board_reocc/mib_tongue2/physical/mib_tongue2_m18_ph.brd'

CmdLine: netrev -proj \\ppfs6.physics.ox.ac.uk\CEG\Central Electronics\Projects\Hastingsp\DUNE\uob-hep-pc072-new2\hardware\Cadence\top\mib_tongue2.cpm -y 1 -O \\ppfs6.physics.ox.ac.uk\CEG\Central Electronics\Projects\Hastingsp\DUNE\uob-hep-pc072-new2\hardware\Cadence\top\mtca_interface_board_reocc\mib_tongue2\physical\mib_tongue2_m18_ph.brd \\ppfs6.physics.ox.ac.uk\CEG\Central Electronics\Projects\Hastingsp\DUNE\uob-hep-pc072-new2\hardware\Cadence\top\mtca_interface_board_reocc\mib_tongue2\physical\mib_tongue2_m18_ph.brd -w \\ppfs6.physics.ox.ac.uk\CEG\Central Electronics\Projects\Hastingsp\DUNE\uob-hep-pc072-new2\hardware\Cadence\top\temp\constraints_difference_report.xml -$

------ Preparing to read pst files ------

Starting to read //ppfs6.physics.ox.ac.uk/CEG/Central Electronics/Projects/Hastingsp/DUNE/uob-hep-pc072-new2/hardware/Cadence/top/mtca_interface_board_reocc/mib_tongue2/packaged/pstchip.dat 
   Finished reading //ppfs6.physics.ox.ac.uk/CEG/Central Electronics/Projects/Hastingsp/DUNE/uob-hep-pc072-new2/hardware/Cadence/top/mtca_interface_board_reocc/mib_tongue2/packaged/pstchip.dat (00:00:00.41)
Starting to read //ppfs6.physics.ox.ac.uk/CEG/Central Electronics/Projects/Hastingsp/DUNE/uob-hep-pc072-new2/hardware/Cadence/top/mtca_interface_board_reocc/mib_tongue2/packaged/pstxprt.dat 
   Finished reading //ppfs6.physics.ox.ac.uk/CEG/Central Electronics/Projects/Hastingsp/DUNE/uob-hep-pc072-new2/hardware/Cadence/top/mtca_interface_board_reocc/mib_tongue2/packaged/pstxprt.dat (00:00:00.00)
Starting to read //ppfs6.physics.ox.ac.uk/CEG/Central Electronics/Projects/Hastingsp/DUNE/uob-hep-pc072-new2/hardware/Cadence/top/mtca_interface_board_reocc/mib_tongue2/packaged/pstxnet.dat 
   Finished reading //ppfs6.physics.ox.ac.uk/CEG/Central Electronics/Projects/Hastingsp/DUNE/uob-hep-pc072-new2/hardware/Cadence/top/mtca_interface_board_reocc/mib_tongue2/packaged/pstxnet.dat (00:00:00.02)

------ Oversights/Warnings/Errors ------




===========================================================
Start Constraint Diff3 Import
	Constraint File:    //ppfs6.physics.ox.ac.uk/CEG/Central Electronics/Projects/Hastingsp/DUNE/uob-hep-pc072-new2/hardware/Cadence/top/mtca_interface_board_reocc/mib_tongue2/packaged/pstcmdb.dat
	Allegro Baseline:   C:/Users/HASTIN~1/AppData/Local/Temp/#Taaaaaj23652.tmp
	Start time: Thu Feb 27 08:40:41 2025
===========================================================
NOTE: Constraint information is up-to-date. No processing was required.
===========================================================
Finished Constraint Update	Time: Thu Feb 27 08:40:42 2025
===========================================================

------ Library Paths ------
MODULEPATH =  Y:/Users/CEG/Central Electronics/Projects/Hastingsp/PaMIR/001x/worklib/switcherpsu/physical/ 
           . 
           C:/Cadence/SPB_16.5/share/local/pcb/modules 

PSMPATH =  //ppfs6.physics.ox.ac.uk/CEG/CEG_Software/Cadence/Shared_Libraries/V23_1/symbols 
           //ppfs6.physics.ox.ac.uk/CEG/CEG_Software/Cadence/Shared_Libraries/V23_1/formats 

PADPATH =  //ppfs6.physics.ox.ac.uk/CEG/CEG_Software/Cadence/Shared_Libraries/V23_1/pads 


------ Summary Statistics ------


netrev run on Feb 27 8:40:41 2025
   DESIGN NAME : 'MIB_TONGUE2'
   PACKAGING ON 27-Feb-2025 AT 08:40:34

   COMPILE 'logic'
   CHECK_PIN_NAMES OFF
   CROSS_REFERENCE OFF
   DIRECTORIES  <none>
   FEEDBACK OFF
   INCREMENTAL OFF
   INTERFACE_TYPE PHYSICAL
   LIBRARIES  'default' 'mtca_interface_board_reocc' 'mtca_interface_board'
              'ocad_parts_lib' 'discrete' 'ind' 'golden_symbols' 'atcs'
              'testpoint' 'diode' 'tp_demonstrator' 'graphics' 'standard'
              'bris_cds_standard' 'cninterface' 'bris_cds_logic' 'cnpower'
              'cnconnector' 'cndiscrete' 'cnpassive'
   MASTER_LIBRARIES  <none>
   MAX_ERRORS 500
   MERGE_MINIMUM 5
   NET_NAME_CHARS '#%&()*+-./:=>?@[]^_`|'
   NET_NAME_LENGTH 31
   OVERSIGHTS ON
   REPLACE_CHECK OFF
   SINGLE_NODE_NETS ON
   SPLIT_MINIMUM 0
   SUPPRESS   20
   WARNINGS ON

 No error detected
 No oversight detected
 No warning detected

cpu time      0:05:11
elapsed time  0:00:01

