(---------------------------------------------------------------------)
(                                                                     )
(    Shape Without Nets Report                                        )
(                                                                     )
(    Drawing          : mib_rev3ox_v218.brd                           )
(    Software Version : 17.4S011                                      )
(    Date/Time        : Wed Jul  3 13:56:31 2024                      )
(                                                                     )
(---------------------------------------------------------------------)


  Total shapes not on a net: 10


  <<<  ETCH  >>>

    Layer = TOP
	Point on shape: (153.6000 4.1000)  Net: Dummy Net

    Layer = 02_GND
	Point on shape: (154.6000 4.1000)  Net: Dummy Net

    Layer = 03_SIG1
	Point on shape: (155.6000 4.1000)  Net: Dummy Net

    Layer = 04_GND
	Point on shape: (156.6000 4.1000)  Net: Dummy Net

    Layer = 05_PWR1
	Point on shape: (157.6000 4.1000)  Net: Dummy Net

    Layer = 06_GND
	Point on shape: (158.6000 4.1000)  Net: Dummy Net

    Layer = 07_SIG2
	Point on shape: (159.6000 4.1000)  Net: Dummy Net

    Layer = 08_GND
	Point on shape: (160.6000 4.1000)  Net: Dummy Net

    Layer = 09_SIG3
	Point on shape: (161.6000 4.1000)  Net: Dummy Net

    Layer = BOTTOM
	Point on shape: (162.6000 4.1000)  Net: Dummy Net

    To suppress in report attach OK_UNASSIGNED_SHAPE property to shape.
