FILE_TYPE=LIBRARY_PARTS;
primitive 'KINGBRIGHT_KPA_SMD';
  pin
    '1':
      PIN_NUMBER='(1)';
      PIN_TYPE='ANALOG';
      NO_LOAD_CHECK='Both';
      NO_IO_CHECK='Both';
      NO_ASSERT_CHECK='TRUE';
      NO_DIR_CHECK='TRUE';
      ALLOW_CONNECT='TRUE';
    '2':
      PIN_NUMBER='(2)';
      PIN_TYPE='ANALOG';
      NO_LOAD_CHECK='Both';
      NO_IO_CHECK='Both';
      NO_ASSERT_CHECK='TRUE';
      NO_DIR_CHECK='TRUE';
      ALLOW_CONNECT='TRUE';
  end_pin;
  body
    PART_NAME='KINGBRIGHT_KPA';
    DESCRIPTION='?';
    BODY_NAME='KINGBRIGHT_KPA';
    JEDEC_TYPE='KPA2107LVVBCD';
    PHYS_DES_PREFIX='DS';
    CLASS='DISCRETE';
  end_body;
end_primitive;

END.
